189.13.199.228 - - [09/Apr/2013:13:43:49 +0000] "GET /static/segment_comparison.json HTTP/1.1" 200 5518 "http://www.myworld2015.org/?page=results" "Mozilla/5.0 (Windows NT 6.1; WOW64) AppleWebKit/537.31 (KHTML, like Gecko) Chrome/26.0.1410.43 Safari/537.31"
103.3.221.77 - - [09/Apr/2013:13:43:32 +0000] "GET /stats/public/sampleSimilar?choices=1,3,4,6,11,13 HTTP/1.1" 200 3530 "http://www.myworld2015.org/?partner=UBL&lang=bi" "Mozilla/5.0 (Windows NT 6.1; rv:19.0) Gecko/20100101 Firefox/19.0"
50.74.21.18 - - [09/Apr/2013:13:43:49 +0000] "GET /stats/public/segment?&country=151&gender=0&age_ub=140 HTTP/1.1" 200 728 "http://www.myworld2015.org/" "Mozilla/5.0 (Macintosh; Intel Mac OS X 10_6_8) AppleWebKit/537.31 (KHTML, like Gecko) Chrome/26.0.1410.43 Safari/537.31"
189.13.199.228 - - [09/Apr/2013:13:43:51 +0000] "GET /stats/public/segment?&country=78&gender=0&age_ub=140 HTTP/1.1" 200 734 "http://www.myworld2015.org/?page=results" "Mozilla/5.0 (Windows NT 6.1; WOW64) AppleWebKit/537.31 (KHTML, like Gecko) Chrome/26.0.1410.43 Safari/537.31"
50.74.21.18 - - [09/Apr/2013:13:43:53 +0000] "GET /stats/public/segment?&country=159&gender=0&age_ub=140 HTTP/1.1" 200 730 "http://www.myworld2015.org/?page=results" "Mozilla/5.0 (Macintosh; Intel Mac OS X 10_6_8) AppleWebKit/537.31 (KHTML, like Gecko) Chrome/26.0.1410.43 Safari/537.31"
127.0.0.1 - - [09/Apr/2013:13:43:59 +0000] "OPTIONS * HTTP/1.0" 200 126 "-" "Apache/2.2.22 (Ubuntu) (internal dummy connection)"
127.0.0.1 - - [09/Apr/2013:13:44:00 +0000] "OPTIONS * HTTP/1.0" 200 126 "-" "Apache/2.2.22 (Ubuntu) (internal dummy connection)"
10.165.3.237 - - [09/Apr/2013:13:44:01 +0000] "GET /stats/ping HTTP/1.1" 200 236 "-" "Python-urllib/3.2"
10.165.3.237 - - [09/Apr/2013:13:44:02 +0000] "GET /stats/partners HTTP/1.1" 200 37751 "-" "Python-urllib/2.7"
189.13.199.228 - - [09/Apr/2013:13:44:02 +0000] "GET /stats/public/segment?&country=170&gender=0&age_ub=140 HTTP/1.1" 200 730 "http://www.myworld2015.org/?page=results&lang=pr" "Mozilla/5.0 (Windows NT 6.1; WOW64) AppleWebKit/537.31 (KHTML, like Gecko) Chrome/26.0.1410.43 Safari/537.31"
87.244.179.16 - - [09/Apr/2013:13:44:12 +0000] "GET /static/map_stats.json HTTP/1.1" 200 38168 "http://www.myworld2015.org/index.html?lang=ru" "Mozilla/5.0 (Windows NT 6.1) AppleWebKit/537.31 (KHTML, like Gecko) Chrome/26.0.1410.43 Safari/537.31"
87.244.179.16 - - [09/Apr/2013:13:44:12 +0000] "GET /static/segment_comparison.json HTTP/1.1" 200 5518 "http://www.myworld2015.org/index.html?lang=ru" "Mozilla/5.0 (Windows NT 6.1) AppleWebKit/537.31 (KHTML, like Gecko) Chrome/26.0.1410.43 Safari/537.31"
87.244.179.16 - - [09/Apr/2013:13:44:13 +0000] "GET /stats/public/segment?&country=141&gender=0&age_ub=140 HTTP/1.1" 200 721 "http://www.myworld2015.org/index.html?lang=ru" "Mozilla/5.0 (Windows NT 6.1) AppleWebKit/537.31 (KHTML, like Gecko) Chrome/26.0.1410.43 Safari/537.31"
50.74.21.18 - - [09/Apr/2013:13:44:16 +0000] "GET /stats/public/segment?&country=39&gender=2&age_ub=140 HTTP/1.1" 200 690 "http://www.myworld2015.org/?page=results" "Mozilla/5.0 (Macintosh; Intel Mac OS X 10_6_8) AppleWebKit/537.31 (KHTML, like Gecko) Chrome/26.0.1410.43 Safari/537.31"
127.0.0.1 - - [09/Apr/2013:13:43:17 +0000] "GET /stats/public/map? HTTP/1.1" 200 38038 "-" "-"
127.0.0.1 - - [09/Apr/2013:13:44:19 +0000] "GET /stats/public/segment? HTTP/1.1" 200 766 "-" "-"
127.0.0.1 - - [09/Apr/2013:13:44:19 +0000] "GET /stats/public/segment?gender=1 HTTP/1.1" 200 759 "-" "-"
127.0.0.1 - - [09/Apr/2013:13:44:19 +0000] "GET /stats/public/segment?gender=2 HTTP/1.1" 200 759 "-" "-"
127.0.0.1 - - [09/Apr/2013:13:44:19 +0000] "GET /stats/public/segment?age_ub=34 HTTP/1.1" 200 762 "-" "-"
127.0.0.1 - - [09/Apr/2013:13:44:19 +0000] "GET /stats/public/segment?age_lb=35&age_ub=54 HTTP/1.1" 200 756 "-" "-"
127.0.0.1 - - [09/Apr/2013:13:44:19 +0000] "GET /stats/public/segment?age_lb=55 HTTP/1.1" 200 747 "-" "-"
127.0.0.1 - - [09/Apr/2013:13:44:19 +0000] "GET /stats/public/segment?hdi=2 HTTP/1.1" 200 753 "-" "-"
127.0.0.1 - - [09/Apr/2013:13:44:19 +0000] "GET /stats/public/segment?hdi=1 HTTP/1.1" 200 760 "-" "-"
127.0.0.1 - - [09/Apr/2013:13:44:19 +0000] "GET /stats/public/segment?hdi=3 HTTP/1.1" 200 750 "-" "-"
127.0.0.1 - - [09/Apr/2013:13:44:19 +0000] "GET /stats/public/segment?hdi=4 HTTP/1.1" 200 753 "-" "-"
127.0.0.1 - - [09/Apr/2013:13:44:27 +0000] "OPTIONS * HTTP/1.0" 200 126 "-" "Apache/2.2.22 (Ubuntu) (internal dummy connection)"
50.74.21.18 - - [09/Apr/2013:13:44:28 +0000] "GET /stats/public/segment?&country=44&gender=2&age_ub=140 HTTP/1.1" 200 704 "http://www.myworld2015.org/?page=results" "Mozilla/5.0 (Macintosh; Intel Mac OS X 10_6_8) AppleWebKit/537.31 (KHTML, like Gecko) Chrome/26.0.1410.43 Safari/537.31"
90.184.10.220 - - [09/Apr/2013:13:44:45 +0000] "GET /static/map_stats.json HTTP/1.1" 200 38168 "http://www.myworld2015.org/" "Mozilla/5.0 (Windows NT 6.1; WOW64) AppleWebKit/537.31 (KHTML, like Gecko) Chrome/26.0.1410.43 Safari/537.31"
90.184.10.220 - - [09/Apr/2013:13:44:46 +0000] "GET /static/segment_comparison.json HTTP/1.1" 200 5518 "http://www.myworld2015.org/" "Mozilla/5.0 (Windows NT 6.1; WOW64) AppleWebKit/537.31 (KHTML, like Gecko) Chrome/26.0.1410.43 Safari/537.31"
90.184.10.220 - - [09/Apr/2013:13:44:47 +0000] "GET /stats/public/segment?&country=185&gender=0&age_ub=140 HTTP/1.1" 200 739 "http://www.myworld2015.org/" "Mozilla/5.0 (Windows NT 6.1; WOW64) AppleWebKit/537.31 (KHTML, like Gecko) Chrome/26.0.1410.43 Safari/537.31"
177.106.150.115 - - [09/Apr/2013:13:44:53 +0000] "GET /static/map_stats.json HTTP/1.1" 200 38168 "http://www.myworld2015.org/?ballot=516416a715aa7e0200000044" "Mozilla/5.0 (Windows NT 5.1; rv:19.0) Gecko/20100101 Firefox/19.0"
177.106.150.115 - - [09/Apr/2013:13:44:54 +0000] "GET /static/segment_comparison.json HTTP/1.1" 200 5518 "http://www.myworld2015.org/?ballot=516416a715aa7e0200000044" "Mozilla/5.0 (Windows NT 5.1; rv:19.0) Gecko/20100101 Firefox/19.0"
177.106.150.115 - - [09/Apr/2013:13:44:55 +0000] "GET /stats/public/segment?&country=53&gender=0&age_ub=140 HTTP/1.1" 200 736 "http://www.myworld2015.org/?ballot=516416a715aa7e0200000044" "Mozilla/5.0 (Windows NT 5.1; rv:19.0) Gecko/20100101 Firefox/19.0"
10.165.3.237 - - [09/Apr/2013:13:45:01 +0000] "GET /stats/ping HTTP/1.1" 200 236 "-" "Python-urllib/3.2"
189.123.67.242 - - [09/Apr/2013:13:45:29 +0000] "GET /stats/public/segment?&country=24&gender=0&age_ub=140 HTTP/1.1" 200 743 "http://www.myworld2015.org/?page=results" "Mozilla/5.0 (Windows NT 6.1) AppleWebKit/537.31 (KHTML, like Gecko) Chrome/26.0.1410.43 Safari/537.31"
50.74.21.18 - - [09/Apr/2013:13:45:33 +0000] "GET /stats/public/segment?&country=151&gender=0&age_ub=140 HTTP/1.1" 200 729 "http://www.myworld2015.org/index.html" "Mozilla/5.0 (Macintosh; Intel Mac OS X 10_6_8) AppleWebKit/537.31 (KHTML, like Gecko) Chrome/26.0.1410.43 Safari/537.31"
50.74.21.18 - - [09/Apr/2013:13:45:43 +0000] "GET /stats/public/segment?&country=134&gender=0&age_ub=140 HTTP/1.1" 200 741 "http://temp-myworld.s3-website-us-east-1.amazonaws.com/" "Mozilla/5.0 (Macintosh; Intel Mac OS X 10_6_8) AppleWebKit/537.31 (KHTML, like Gecko) Chrome/26.0.1410.43 Safari/537.31"
50.74.21.18 - - [09/Apr/2013:13:45:57 +0000] "GET /stats/public/segment?country=3 HTTP/1.1" 200 721 "http://temp-myworld.s3-website-us-east-1.amazonaws.com/" "Mozilla/5.0 (Macintosh; Intel Mac OS X 10_6_8) AppleWebKit/537.31 (KHTML, like Gecko) Chrome/26.0.1410.43 Safari/537.31"
50.74.21.18 - - [09/Apr/2013:13:45:58 +0000] "GET /stats/public/segment?&country=3&gender=1&age_ub=34 HTTP/1.1" 200 707 "http://temp-myworld.s3-website-us-east-1.amazonaws.com/" "Mozilla/5.0 (Macintosh; Intel Mac OS X 10_6_8) AppleWebKit/537.31 (KHTML, like Gecko) Chrome/26.0.1410.43 Safari/537.31"
10.165.3.237 - - [09/Apr/2013:13:46:01 +0000] "GET /stats/ping HTTP/1.1" 200 236 "-" "Python-urllib/3.2"
10.165.3.237 - - [09/Apr/2013:13:46:01 +0000] "GET /stats/partners HTTP/1.1" 200 37751 "-" "Python-urllib/2.7"
10.165.3.237 - - [09/Apr/2013:13:45:01 +0000] "GET /stats/public/segment_comparison HTTP/1.1" 200 5352 "-" "Python-urllib/3.2"
10.165.3.237 - - [09/Apr/2013:13:46:04 +0000] "GET /stats/public/map HTTP/1.1" 200 38001 "-" "Python-urllib/3.2"
10.165.3.237 - - [09/Apr/2013:13:46:05 +0000] "GET /stats/public/recent_votes HTTP/1.1" 200 4789 "-" "Python-urllib/3.2"
50.74.21.18 - - [09/Apr/2013:13:46:10 +0000] "GET /stats/public/segment?&country=10&gender=2&age_ub=34 HTTP/1.1" 200 708 "http://temp-myworld.s3-website-us-east-1.amazonaws.com/" "Mozilla/5.0 (Macintosh; Intel Mac OS X 10_6_8) AppleWebKit/537.31 (KHTML, like Gecko) Chrome/26.0.1410.43 Safari/537.31"
50.74.21.18 - - [09/Apr/2013:13:45:57 +0000] "GET /stats/public/sampleSimilar?choices=3,4,5,6,11,13 HTTP/1.1" 200 3385 "http://temp-myworld.s3-website-us-east-1.amazonaws.com/" "Mozilla/5.0 (Macintosh; Intel Mac OS X 10_6_8) AppleWebKit/537.31 (KHTML, like Gecko) Chrome/26.0.1410.43 Safari/537.31"
50.74.21.18 - - [09/Apr/2013:13:46:21 +0000] "GET /static/map_stats.json HTTP/1.1" 200 38168 "http://temp-myworld.s3-website-us-east-1.amazonaws.com/" "Mozilla/5.0 (Macintosh; Intel Mac OS X 10_6_8) AppleWebKit/537.31 (KHTML, like Gecko) Chrome/26.0.1410.43 Safari/537.31"
50.74.21.18 - - [09/Apr/2013:13:46:22 +0000] "GET /static/segment_comparison.json HTTP/1.1" 200 5518 "http://temp-myworld.s3-website-us-east-1.amazonaws.com/" "Mozilla/5.0 (Macintosh; Intel Mac OS X 10_6_8) AppleWebKit/537.31 (KHTML, like Gecko) Chrome/26.0.1410.43 Safari/537.31"
50.74.21.18 - - [09/Apr/2013:13:46:22 +0000] "GET /stats/public/segment?country=3 HTTP/1.1" 200 721 "http://temp-myworld.s3-website-us-east-1.amazonaws.com/" "Mozilla/5.0 (Macintosh; Intel Mac OS X 10_6_8) AppleWebKit/537.31 (KHTML, like Gecko) Chrome/26.0.1410.43 Safari/537.31"
50.74.21.18 - - [09/Apr/2013:13:46:22 +0000] "GET /stats/public/sampleSimilar?choices=3,4,5,6,11,13 HTTP/1.1" 200 3385 "http://temp-myworld.s3-website-us-east-1.amazonaws.com/" "Mozilla/5.0 (Macintosh; Intel Mac OS X 10_6_8) AppleWebKit/537.31 (KHTML, like Gecko) Chrome/26.0.1410.43 Safari/537.31"
50.74.21.18 - - [09/Apr/2013:13:46:22 +0000] "GET /stats/public/segment?&country=3&gender=1&age_ub=34 HTTP/1.1" 200 707 "http://temp-myworld.s3-website-us-east-1.amazonaws.com/" "Mozilla/5.0 (Macintosh; Intel Mac OS X 10_6_8) AppleWebKit/537.31 (KHTML, like Gecko) Chrome/26.0.1410.43 Safari/537.31"
50.74.21.18 - - [09/Apr/2013:13:46:22 +0000] "GET /stats/public/segment?&country=183&gender=0&age_ub=140 HTTP/1.1" 200 736 "http://temp-myworld.s3-website-us-east-1.amazonaws.com/" "Mozilla/5.0 (Macintosh; Intel Mac OS X 10_6_8) AppleWebKit/537.31 (KHTML, like Gecko) Chrome/26.0.1410.43 Safari/537.31"
41.203.95.218 - - [09/Apr/2013:13:46:44 +0000] "GET /static/map_stats.json HTTP/1.1" 200 38168 "http://www.myworld2015.org/" "Mozilla/5.0 (Windows NT 5.1; rv:20.0) Gecko/20100101 Firefox/20.0"
41.203.95.218 - - [09/Apr/2013:13:46:48 +0000] "GET /static/segment_comparison.json HTTP/1.1" 200 5518 "http://www.myworld2015.org/" "Mozilla/5.0 (Windows NT 5.1; rv:20.0) Gecko/20100101 Firefox/20.0"
41.203.95.218 - - [09/Apr/2013:13:46:48 +0000] "GET /stats/public/segment?&country=138&gender=0&age_ub=140 HTTP/1.1" 200 721 "http://www.myworld2015.org/" "Mozilla/5.0 (Windows NT 5.1; rv:20.0) Gecko/20100101 Firefox/20.0"
10.165.3.237 - - [09/Apr/2013:13:47:01 +0000] "GET /stats/ping HTTP/1.1" 200 236 "-" "Python-urllib/3.2"
156.106.236.186 - - [09/Apr/2013:13:47:13 +0000] "GET /static/map_stats.json HTTP/1.1" 200 38168 "http://www.myworld2015.org/" "Mozilla/5.0 (Windows NT 6.1) AppleWebKit/537.31 (KHTML, like Gecko) Chrome/26.0.1410.43 Safari/537.31"
156.106.236.186 - - [09/Apr/2013:13:47:13 +0000] "GET /static/segment_comparison.json HTTP/1.1" 200 5518 "http://www.myworld2015.org/" "Mozilla/5.0 (Windows NT 6.1) AppleWebKit/537.31 (KHTML, like Gecko) Chrome/26.0.1410.43 Safari/537.31"
156.106.236.186 - - [09/Apr/2013:13:47:13 +0000] "GET /stats/public/segment?&country=16&gender=0&age_ub=140 HTTP/1.1" 200 728 "http://www.myworld2015.org/" "Mozilla/5.0 (Windows NT 6.1) AppleWebKit/537.31 (KHTML, like Gecko) Chrome/26.0.1410.43 Safari/537.31"
156.106.236.186 - - [09/Apr/2013:13:47:21 +0000] "GET /stats/public/segment?&country=31&gender=0&age_ub=140 HTTP/1.1" 200 733 "http://www.myworld2015.org/?page=partners" "Mozilla/5.0 (Windows NT 6.1) AppleWebKit/537.31 (KHTML, like Gecko) Chrome/26.0.1410.43 Safari/537.31"
165.65.108.241 - - [09/Apr/2013:13:47:26 +0000] "GET /static/map_stats.json HTTP/1.1" 200 38168 "http://www.myworld2015.org/?page=partners" "Mozilla/5.0 (Macintosh; Intel Mac OS X 10_7_5) AppleWebKit/537.31 (KHTML, like Gecko) Chrome/26.0.1410.43 Safari/537.31"
165.65.108.241 - - [09/Apr/2013:13:47:26 +0000] "GET /static/segment_comparison.json HTTP/1.1" 200 5518 "http://www.myworld2015.org/?page=partners" "Mozilla/5.0 (Macintosh; Intel Mac OS X 10_7_5) AppleWebKit/537.31 (KHTML, like Gecko) Chrome/26.0.1410.43 Safari/537.31"
165.65.108.241 - - [09/Apr/2013:13:47:26 +0000] "GET /stats/public/segment?&country=159&gender=0&age_ub=140 HTTP/1.1" 200 730 "http://www.myworld2015.org/?page=partners" "Mozilla/5.0 (Macintosh; Intel Mac OS X 10_7_5) AppleWebKit/537.31 (KHTML, like Gecko) Chrome/26.0.1410.43 Safari/537.31"
54.246.252.34 - - [09/Apr/2013:13:47:28 +0000] "GET /static/map_stats.json HTTP/1.1" 200 38168 "http://www.myworld2015.org/" "Mozilla/5.0 (Series40; Nokia311/03.90; Profile/MIDP-2.1 Configuration/CLDC-1.1) Gecko/20100401 S40OviBrowser/2.3.0.0.48"
54.246.252.34 - - [09/Apr/2013:13:47:28 +0000] "GET /static/segment_comparison.json HTTP/1.1" 200 5518 "http://www.myworld2015.org/" "Mozilla/5.0 (Series40; Nokia311/03.90; Profile/MIDP-2.1 Configuration/CLDC-1.1) Gecko/20100401 S40OviBrowser/2.3.0.0.48"
54.246.252.34 - - [09/Apr/2013:13:47:28 +0000] "GET /stats/public/segment?&country=24&gender=0&age_ub=140 HTTP/1.1" 200 742 "http://www.myworld2015.org/" "Mozilla/5.0 (Series40; Nokia311/03.90; Profile/MIDP-2.1 Configuration/CLDC-1.1) Gecko/20100401 S40OviBrowser/2.3.0.0.48"
41.203.95.218 - - [09/Apr/2013:13:47:09 +0000] "GET /stats/public/sampleSimilar?choices=1,2,3,4,7,11 HTTP/1.1" 200 3519 "http://www.myworld2015.org/" "Mozilla/5.0 (Windows NT 5.1; rv:20.0) Gecko/20100101 Firefox/20.0"
50.74.21.18 - - [09/Apr/2013:13:47:46 +0000] "GET /render/segments/ HTTP/1.1" 200 58095 "-" "Mozilla/5.0 (Macintosh; Intel Mac OS X 10_6_8) AppleWebKit/537.31 (KHTML, like Gecko) Chrome/26.0.1410.43 Safari/537.31"
50.74.21.18 - - [09/Apr/2013:13:47:47 +0000] "GET /favicon.ico HTTP/1.1" 404 520 "-" "Mozilla/5.0 (Macintosh; Intel Mac OS X 10_6_8) AppleWebKit/537.31 (KHTML, like Gecko) Chrome/26.0.1410.43 Safari/537.31"
50.74.21.18 - - [09/Apr/2013:13:47:47 +0000] "GET /favicon.ico HTTP/1.1" 404 520 "-" "Mozilla/5.0 (Macintosh; Intel Mac OS X 10_6_8) AppleWebKit/537.31 (KHTML, like Gecko) Chrome/26.0.1410.43 Safari/537.31"
50.74.21.18 - - [09/Apr/2013:13:47:47 +0000] "GET /stats/public/map/ HTTP/1.1" 404 677 "-" "Mozilla/5.0 (Macintosh; Intel Mac OS X 10_6_8) AppleWebKit/537.31 (KHTML, like Gecko) Chrome/26.0.1410.43 Safari/537.31"
50.74.21.18 - - [09/Apr/2013:13:47:48 +0000] "GET /favicon.ico HTTP/1.1" 404 520 "-" "Mozilla/5.0 (Macintosh; Intel Mac OS X 10_6_8) AppleWebKit/537.31 (KHTML, like Gecko) Chrome/26.0.1410.43 Safari/537.31"
50.74.21.18 - - [09/Apr/2013:13:47:48 +0000] "GET /favicon.ico HTTP/1.1" 404 520 "-" "Mozilla/5.0 (Macintosh; Intel Mac OS X 10_6_8) AppleWebKit/537.31 (KHTML, like Gecko) Chrome/26.0.1410.43 Safari/537.31"
75.13.93.157 - - [09/Apr/2013:13:47:48 +0000] "GET /static/map_stats.json HTTP/1.1" 200 38168 "http://www.myworld2015.org/" "Mozilla/5.0 (compatible; MSIE 10.0; Windows NT 6.1; Trident/6.0; BO1IE8_v1;ENUS)"
75.13.93.157 - - [09/Apr/2013:13:47:48 +0000] "GET /static/segment_comparison.json HTTP/1.1" 200 5518 "http://www.myworld2015.org/" "Mozilla/5.0 (compatible; MSIE 10.0; Windows NT 6.1; Trident/6.0; BO1IE8_v1;ENUS)"
75.13.93.157 - - [09/Apr/2013:13:47:49 +0000] "GET /stats/public/segment?&country=170&gender=0&age_ub=140 HTTP/1.1" 200 729 "http://www.myworld2015.org/" "Mozilla/5.0 (compatible; MSIE 10.0; Windows NT 6.1; Trident/6.0; BO1IE8_v1;ENUS)"
50.74.21.18 - - [09/Apr/2013:13:47:50 +0000] "GET /stats/public/map HTTP/1.1" 200 38037 "-" "Mozilla/5.0 (Macintosh; Intel Mac OS X 10_6_8) AppleWebKit/537.31 (KHTML, like Gecko) Chrome/26.0.1410.43 Safari/537.31"
50.74.21.18 - - [09/Apr/2013:13:47:50 +0000] "GET /favicon.ico HTTP/1.1" 404 520 "-" "Mozilla/5.0 (Macintosh; Intel Mac OS X 10_6_8) AppleWebKit/537.31 (KHTML, like Gecko) Chrome/26.0.1410.43 Safari/537.31"
50.74.21.18 - - [09/Apr/2013:13:47:50 +0000] "GET /favicon.ico HTTP/1.1" 404 520 "-" "Mozilla/5.0 (Macintosh; Intel Mac OS X 10_6_8) AppleWebKit/537.31 (KHTML, like Gecko) Chrome/26.0.1410.43 Safari/537.31"
193.242.192.9 - - [09/Apr/2013:13:47:51 +0000] "GET /static/map_stats.json HTTP/1.1" 200 38168 "http://www.myworld2015.org/?lang=en" "Mozilla/5.0 (Windows NT 6.1; WOW64; rv:10.0) Gecko/20100101 Firefox/10.0"
193.242.192.9 - - [09/Apr/2013:13:47:51 +0000] "GET /static/segment_comparison.json HTTP/1.1" 200 5518 "http://www.myworld2015.org/?lang=en" "Mozilla/5.0 (Windows NT 6.1; WOW64; rv:10.0) Gecko/20100101 Firefox/10.0"
50.74.21.18 - - [09/Apr/2013:13:47:52 +0000] "GET /favicon.ico HTTP/1.1" 404 520 "-" "Mozilla/5.0 (Macintosh; Intel Mac OS X 10_6_8) AppleWebKit/537.31 (KHTML, like Gecko) Chrome/26.0.1410.43 Safari/537.31"
193.242.192.9 - - [09/Apr/2013:13:47:51 +0000] "GET /stats/public/segment?&country=65&gender=0&age_ub=140 HTTP/1.1" 200 724 "http://www.myworld2015.org/?lang=en" "Mozilla/5.0 (Windows NT 6.1; WOW64; rv:10.0) Gecko/20100101 Firefox/10.0"
41.203.95.218 - - [09/Apr/2013:13:47:09 +0000] "GET /stats/public/segment?country=125 HTTP/1.1" 200 758 "http://www.myworld2015.org/" "Mozilla/5.0 (Windows NT 5.1; rv:20.0) Gecko/20100101 Firefox/20.0"
50.74.21.18 - - [09/Apr/2013:13:48:00 +0000] "GET /stats/public/recent_votes HTTP/1.1" 200 4826 "-" "Mozilla/5.0 (Macintosh; Intel Mac OS X 10_6_8) AppleWebKit/537.31 (KHTML, like Gecko) Chrome/26.0.1410.43 Safari/537.31"
50.74.21.18 - - [09/Apr/2013:13:48:00 +0000] "GET /favicon.ico HTTP/1.1" 404 520 "-" "Mozilla/5.0 (Macintosh; Intel Mac OS X 10_6_8) AppleWebKit/537.31 (KHTML, like Gecko) Chrome/26.0.1410.43 Safari/537.31"
50.74.21.18 - - [09/Apr/2013:13:48:00 +0000] "GET /favicon.ico HTTP/1.1" 404 520 "-" "Mozilla/5.0 (Macintosh; Intel Mac OS X 10_6_8) AppleWebKit/537.31 (KHTML, like Gecko) Chrome/26.0.1410.43 Safari/537.31"
50.74.21.18 - - [09/Apr/2013:13:48:02 +0000] "GET /stats/public/recent_votes/ HTTP/1.1" 404 683 "-" "Mozilla/5.0 (Macintosh; Intel Mac OS X 10_6_8) AppleWebKit/537.31 (KHTML, like Gecko) Chrome/26.0.1410.43 Safari/537.31"
50.74.21.18 - - [09/Apr/2013:13:48:02 +0000] "GET /favicon.ico HTTP/1.1" 404 520 "-" "Mozilla/5.0 (Macintosh; Intel Mac OS X 10_6_8) AppleWebKit/537.31 (KHTML, like Gecko) Chrome/26.0.1410.43 Safari/537.31"
50.74.21.18 - - [09/Apr/2013:13:48:02 +0000] "GET /favicon.ico HTTP/1.1" 404 520 "-" "Mozilla/5.0 (Macintosh; Intel Mac OS X 10_6_8) AppleWebKit/537.31 (KHTML, like Gecko) Chrome/26.0.1410.43 Safari/537.31"
10.165.3.237 - - [09/Apr/2013:13:48:03 +0000] "GET /stats/ping HTTP/1.1" 200 236 "-" "Python-urllib/3.2"
10.165.3.237 - - [09/Apr/2013:13:48:03 +0000] "GET /stats/partners HTTP/1.1" 200 37751 "-" "Python-urllib/2.7"
50.74.21.18 - - [09/Apr/2013:13:48:03 +0000] "GET /stats/public/recent_votes HTTP/1.1" 200 4825 "-" "Mozilla/5.0 (Macintosh; Intel Mac OS X 10_6_8) AppleWebKit/537.31 (KHTML, like Gecko) Chrome/26.0.1410.43 Safari/537.31"
50.74.21.18 - - [09/Apr/2013:13:48:03 +0000] "GET /favicon.ico HTTP/1.1" 404 520 "-" "Mozilla/5.0 (Macintosh; Intel Mac OS X 10_6_8) AppleWebKit/537.31 (KHTML, like Gecko) Chrome/26.0.1410.43 Safari/537.31"
50.74.21.18 - - [09/Apr/2013:13:48:03 +0000] "GET /favicon.ico HTTP/1.1" 404 520 "-" "Mozilla/5.0 (Macintosh; Intel Mac OS X 10_6_8) AppleWebKit/537.31 (KHTML, like Gecko) Chrome/26.0.1410.43 Safari/537.31"
50.74.21.18 - - [09/Apr/2013:13:48:05 +0000] "GET /favicon.ico HTTP/1.1" 404 520 "-" "Mozilla/5.0 (Macintosh; Intel Mac OS X 10_6_8) AppleWebKit/537.31 (KHTML, like Gecko) Chrome/26.0.1410.43 Safari/537.31"
75.13.93.157 - - [09/Apr/2013:13:48:09 +0000] "-" 408 0 "-" "-"
165.65.108.241 - - [09/Apr/2013:13:46:58 +0000] "GET /stats/public/segment?&country=0&gender=0&age_ub=140 HTTP/1.1" 200 766 "http://www.myworld2015.org/?page=results" "Mozilla/5.0 (Macintosh; Intel Mac OS X 10_7_5) AppleWebKit/537.31 (KHTML, like Gecko) Chrome/26.0.1410.43 Safari/537.31"
156.106.236.186 - - [09/Apr/2013:13:48:12 +0000] "GET /stats/public/segment?&country=7&gender=0&age_ub=140 HTTP/1.1" 200 722 "http://www.myworld2015.org/" "Mozilla/5.0 (Windows NT 6.1) AppleWebKit/537.31 (KHTML, like Gecko) Chrome/26.0.1410.43 Safari/537.31"
75.13.93.157 - - [09/Apr/2013:13:48:19 +0000] "GET /static/map_stats.json HTTP/1.1" 200 38168 "http://www.myworld2015.org/?lang=es" "Mozilla/5.0 (compatible; MSIE 10.0; Windows NT 6.1; Trident/6.0; BO1IE8_v1;ENUS)"
75.13.93.157 - - [09/Apr/2013:13:48:19 +0000] "GET /static/segment_comparison.json HTTP/1.1" 200 5518 "http://www.myworld2015.org/?lang=es" "Mozilla/5.0 (compatible; MSIE 10.0; Windows NT 6.1; Trident/6.0; BO1IE8_v1;ENUS)"
41.203.95.218 - - [09/Apr/2013:13:47:58 +0000] "GET /stats/public/segment?&country=125&gender=2&age_ub=34 HTTP/1.1" 200 754 "http://www.myworld2015.org/" "Mozilla/5.0 (Windows NT 5.1; rv:20.0) Gecko/20100101 Firefox/20.0"
75.13.93.157 - - [09/Apr/2013:13:48:20 +0000] "GET /stats/public/segment?&country=183&gender=0&age_ub=140 HTTP/1.1" 200 736 "http://www.myworld2015.org/?lang=es" "Mozilla/5.0 (compatible; MSIE 10.0; Windows NT 6.1; Trident/6.0; BO1IE8_v1;ENUS)"
127.0.0.1 - - [09/Apr/2013:13:48:32 +0000] "OPTIONS * HTTP/1.0" 200 126 "-" "Apache/2.2.22 (Ubuntu) (internal dummy connection)"
75.13.93.157 - - [09/Apr/2013:13:48:40 +0000] "-" 408 0 "-" "-"
127.0.0.1 - - [09/Apr/2013:13:48:43 +0000] "OPTIONS * HTTP/1.0" 200 126 "-" "Apache/2.2.22 (Ubuntu) (internal dummy connection)"
84.113.67.140 - - [09/Apr/2013:13:48:43 +0000] "GET /static/map_stats.json HTTP/1.1" 200 38168 "http://www.myworld2015.org/" "Mozilla/5.0 (Windows NT 6.1; WOW64; rv:20.0) Gecko/20100101 Firefox/20.0"
69.77.169.102 - - [09/Apr/2013:13:48:44 +0000] "GET /static/map_stats.json HTTP/1.1" 200 38168 "http://www.myworld2015.org/?page=results" "Mozilla/5.0 (Windows NT 6.1; WOW64) AppleWebKit/537.31 (KHTML, like Gecko) Chrome/26.0.1410.43 Safari/537.31"
69.77.169.102 - - [09/Apr/2013:13:48:44 +0000] "GET /static/segment_comparison.json HTTP/1.1" 200 5518 "http://www.myworld2015.org/?page=results" "Mozilla/5.0 (Windows NT 6.1; WOW64) AppleWebKit/537.31 (KHTML, like Gecko) Chrome/26.0.1410.43 Safari/537.31"
69.77.169.102 - - [09/Apr/2013:13:48:44 +0000] "GET /stats/public/segment?&country=134&gender=0&age_ub=140 HTTP/1.1" 200 740 "http://www.myworld2015.org/?page=results" "Mozilla/5.0 (Windows NT 6.1; WOW64) AppleWebKit/537.31 (KHTML, like Gecko) Chrome/26.0.1410.43 Safari/537.31"
84.113.67.140 - - [09/Apr/2013:13:48:44 +0000] "GET /static/segment_comparison.json HTTP/1.1" 200 5518 "http://www.myworld2015.org/" "Mozilla/5.0 (Windows NT 6.1; WOW64; rv:20.0) Gecko/20100101 Firefox/20.0"
84.113.67.140 - - [09/Apr/2013:13:48:45 +0000] "GET /stats/public/segment?&country=96&gender=0&age_ub=140 HTTP/1.1" 200 726 "http://www.myworld2015.org/" "Mozilla/5.0 (Windows NT 6.1; WOW64; rv:20.0) Gecko/20100101 Firefox/20.0"
50.74.21.18 - - [09/Apr/2013:13:48:51 +0000] "GET /render/segments/ HTTP/1.1" 200 58095 "-" "Mozilla/5.0 (Macintosh; Intel Mac OS X 10_6_8) AppleWebKit/537.31 (KHTML, like Gecko) Chrome/26.0.1410.43 Safari/537.31"
50.74.21.18 - - [09/Apr/2013:13:48:52 +0000] "GET /favicon.ico HTTP/1.1" 404 520 "-" "Mozilla/5.0 (Macintosh; Intel Mac OS X 10_6_8) AppleWebKit/537.31 (KHTML, like Gecko) Chrome/26.0.1410.43 Safari/537.31"
50.74.21.18 - - [09/Apr/2013:13:48:52 +0000] "GET /favicon.ico HTTP/1.1" 404 520 "-" "Mozilla/5.0 (Macintosh; Intel Mac OS X 10_6_8) AppleWebKit/537.31 (KHTML, like Gecko) Chrome/26.0.1410.43 Safari/537.31"
90.184.10.220 - - [09/Apr/2013:13:48:53 +0000] "GET /static/map_stats.json HTTP/1.1" 200 38168 "http://www.myworld2015.org/" "Mozilla/5.0 (Windows NT 6.2; WOW64) AppleWebKit/537.31 (KHTML, like Gecko) Chrome/26.0.1410.43 Safari/537.31"
90.184.10.220 - - [09/Apr/2013:13:48:54 +0000] "GET /static/segment_comparison.json HTTP/1.1" 200 5518 "http://www.myworld2015.org/" "Mozilla/5.0 (Windows NT 6.2; WOW64) AppleWebKit/537.31 (KHTML, like Gecko) Chrome/26.0.1410.43 Safari/537.31"
50.74.21.18 - admin [09/Apr/2013:13:48:54 +0000] "GET /monitor/log.html HTTP/1.1" 304 209 "-" "Mozilla/5.0 (Macintosh; Intel Mac OS X 10_6_8) AppleWebKit/537.31 (KHTML, like Gecko) Chrome/26.0.1410.43 Safari/537.31"
90.184.10.220 - - [09/Apr/2013:13:48:54 +0000] "GET /stats/public/segment?&country=24&gender=0&age_ub=140 HTTP/1.1" 200 742 "http://www.myworld2015.org/" "Mozilla/5.0 (Windows NT 6.2; WOW64) AppleWebKit/537.31 (KHTML, like Gecko) Chrome/26.0.1410.43 Safari/537.31"
50.74.21.18 - - [09/Apr/2013:13:48:54 +0000] "GET /favicon.ico HTTP/1.1" 404 521 "-" "Mozilla/5.0 (Macintosh; Intel Mac OS X 10_6_8) AppleWebKit/537.31 (KHTML, like Gecko) Chrome/26.0.1410.43 Safari/537.31"
50.74.21.18 - - [09/Apr/2013:13:48:54 +0000] "GET /favicon.ico HTTP/1.1" 404 520 "-" "Mozilla/5.0 (Macintosh; Intel Mac OS X 10_6_8) AppleWebKit/537.31 (KHTML, like Gecko) Chrome/26.0.1410.43 Safari/537.31"
50.74.21.18 - admin [09/Apr/2013:13:48:54 +0000] "GET /monitor/logdata.php HTTP/1.1" 200 350450 "http://ec2-23-22-13-62.compute-1.amazonaws.com/monitor/log.html" "Mozilla/5.0 (Macintosh; Intel Mac OS X 10_6_8) AppleWebKit/537.31 (KHTML, like Gecko) Chrome/26.0.1410.43 Safari/537.31"
75.13.93.157 - - [09/Apr/2013:13:48:56 +0000] "GET /static/map_stats.json HTTP/1.1" 200 38168 "http://www.myworld2015.org/" "Mozilla/5.0 (compatible; MSIE 10.0; Windows NT 6.1; Trident/6.0; BO1IE8_v1;ENUS)"
75.13.93.157 - - [09/Apr/2013:13:48:56 +0000] "GET /static/segment_comparison.json HTTP/1.1" 200 5518 "http://www.myworld2015.org/" "Mozilla/5.0 (compatible; MSIE 10.0; Windows NT 6.1; Trident/6.0; BO1IE8_v1;ENUS)"
75.13.93.157 - - [09/Apr/2013:13:48:57 +0000] "GET /stats/public/segment?&country=141&gender=0&age_ub=140 HTTP/1.1" 200 721 "http://www.myworld2015.org/" "Mozilla/5.0 (compatible; MSIE 10.0; Windows NT 6.1; Trident/6.0; BO1IE8_v1;ENUS)"
10.165.3.237 - - [09/Apr/2013:13:49:01 +0000] "GET /stats/ping HTTP/1.1" 200 236 "-" "Python-urllib/3.2"
90.184.10.220 - - [09/Apr/2013:13:49:02 +0000] "GET /stats/public/segment?country=45 HTTP/1.1" 200 709 "http://www.myworld2015.org/" "Mozilla/5.0 (Windows NT 6.1; WOW64) AppleWebKit/537.31 (KHTML, like Gecko) Chrome/26.0.1410.43 Safari/537.31"
90.184.10.220 - - [09/Apr/2013:13:49:02 +0000] "GET /stats/public/segment?&country=45&gender=2&age_ub=34 HTTP/1.1" 200 704 "http://www.myworld2015.org/" "Mozilla/5.0 (Windows NT 6.1; WOW64) AppleWebKit/537.31 (KHTML, like Gecko) Chrome/26.0.1410.43 Safari/537.31"
90.184.10.220 - - [09/Apr/2013:13:49:02 +0000] "GET /stats/public/sampleSimilar?choices=2,3,11,12,14,15 HTTP/1.1" 200 3546 "http://www.myworld2015.org/" "Mozilla/5.0 (Windows NT 6.1; WOW64) AppleWebKit/537.31 (KHTML, like Gecko) Chrome/26.0.1410.43 Safari/537.31"
75.13.93.157 - - [09/Apr/2013:13:49:17 +0000] "-" 408 0 "-" "-"
139.179.174.161 - - [09/Apr/2013:13:49:20 +0000] "GET /static/map_stats.json HTTP/1.1" 200 38168 "http://www.myworld2015.org/" "Mozilla/5.0 (Macintosh; Intel Mac OS X 10_6_8) AppleWebKit/534.57.2 (KHTML, like Gecko) Version/5.1.7 Safari/534.57.2"
156.106.236.186 - - [09/Apr/2013:13:49:20 +0000] "GET /static/map_stats.json HTTP/1.1" 304 216 "http://www.myworld2015.org/?page=results" "Mozilla/5.0 (Windows NT 6.1) AppleWebKit/537.31 (KHTML, like Gecko) Chrome/26.0.1410.43 Safari/537.31"
139.179.174.161 - - [09/Apr/2013:13:49:20 +0000] "GET /static/segment_comparison.json HTTP/1.1" 200 5518 "http://www.myworld2015.org/" "Mozilla/5.0 (Macintosh; Intel Mac OS X 10_6_8) AppleWebKit/534.57.2 (KHTML, like Gecko) Version/5.1.7 Safari/534.57.2"
156.106.236.186 - - [09/Apr/2013:13:49:21 +0000] "GET /static/segment_comparison.json HTTP/1.1" 304 215 "http://www.myworld2015.org/?page=results" "Mozilla/5.0 (Windows NT 6.1) AppleWebKit/537.31 (KHTML, like Gecko) Chrome/26.0.1410.43 Safari/537.31"
156.106.236.186 - - [09/Apr/2013:13:49:21 +0000] "GET /stats/public/segment?&country=161&gender=0&age_ub=140 HTTP/1.1" 200 729 "http://www.myworld2015.org/?page=results" "Mozilla/5.0 (Windows NT 6.1) AppleWebKit/537.31 (KHTML, like Gecko) Chrome/26.0.1410.43 Safari/537.31"
139.179.174.161 - - [09/Apr/2013:13:49:21 +0000] "GET /stats/public/segment?&country=110&gender=0&age_ub=140 HTTP/1.1" 200 732 "http://www.myworld2015.org/" "Mozilla/5.0 (Macintosh; Intel Mac OS X 10_6_8) AppleWebKit/534.57.2 (KHTML, like Gecko) Version/5.1.7 Safari/534.57.2"
184.160.20.18 - - [09/Apr/2013:13:49:32 +0000] "GET /static/map_stats.json HTTP/1.1" 200 38168 "http://www.myworld2015.org/" "Mozilla/5.0 (Windows NT 5.1; rv:19.0) Gecko/20100101 Firefox/19.0"
184.160.20.18 - - [09/Apr/2013:13:49:32 +0000] "GET /static/segment_comparison.json HTTP/1.1" 200 5518 "http://www.myworld2015.org/" "Mozilla/5.0 (Windows NT 5.1; rv:19.0) Gecko/20100101 Firefox/19.0"
173.10.139.50 - - [09/Apr/2013:13:49:35 +0000] "GET /static/map_stats.json HTTP/1.1" 200 38168 "http://www.myworld2015.org/" "Mozilla/5.0 (Windows NT 6.1; WOW64; rv:20.0) Gecko/20100101 Firefox/20.0"
173.10.139.50 - - [09/Apr/2013:13:49:36 +0000] "GET /static/segment_comparison.json HTTP/1.1" 200 5518 "http://www.myworld2015.org/" "Mozilla/5.0 (Windows NT 6.1; WOW64; rv:20.0) Gecko/20100101 Firefox/20.0"
184.160.20.18 - - [09/Apr/2013:13:49:36 +0000] "GET /stats/public/segment?&country=16&gender=0&age_ub=140 HTTP/1.1" 200 728 "http://www.myworld2015.org/" "Mozilla/5.0 (Windows NT 5.1; rv:19.0) Gecko/20100101 Firefox/19.0"
70.107.230.122 - - [09/Apr/2013:13:49:38 +0000] "GET /static/map_stats.json HTTP/1.1" 200 38168 "http://www.myworld2015.org/" "Mozilla/5.0 (Macintosh; Intel Mac OS X 10_7_5) AppleWebKit/536.28.10 (KHTML, like Gecko) Version/6.0.3 Safari/536.28.10"
70.107.230.122 - - [09/Apr/2013:13:49:38 +0000] "GET /static/segment_comparison.json HTTP/1.1" 200 5518 "http://www.myworld2015.org/" "Mozilla/5.0 (Macintosh; Intel Mac OS X 10_7_5) AppleWebKit/536.28.10 (KHTML, like Gecko) Version/6.0.3 Safari/536.28.10"
173.10.139.50 - - [09/Apr/2013:13:49:36 +0000] "GET /stats/public/segment?&country=161&gender=0&age_ub=140 HTTP/1.1" 200 729 "http://www.myworld2015.org/" "Mozilla/5.0 (Windows NT 6.1; WOW64; rv:20.0) Gecko/20100101 Firefox/20.0"
70.107.230.122 - - [09/Apr/2013:13:49:38 +0000] "GET /stats/public/segment?&country=83&gender=0&age_ub=140 HTTP/1.1" 200 723 "http://www.myworld2015.org/" "Mozilla/5.0 (Macintosh; Intel Mac OS X 10_7_5) AppleWebKit/536.28.10 (KHTML, like Gecko) Version/6.0.3 Safari/536.28.10"
177.38.81.13 - - [09/Apr/2013:13:49:40 +0000] "GET /stats/public/segment?&country=24&gender=0&age_ub=140 HTTP/1.1" 200 743 "http://www.myworld2015.org/?page=results" "Mozilla/5.0 (Windows NT 6.1) AppleWebKit/537.31 (KHTML, like Gecko) Chrome/26.0.1410.43 Safari/537.31"
127.0.0.1 - - [09/Apr/2013:13:49:19 +0000] "GET /stats/public/segment?age_lb=35&age_ub=54 HTTP/1.1" 200 756 "-" "-"
75.13.93.157 - - [09/Apr/2013:13:49:45 +0000] "-" 408 0 "-" "-"
127.0.0.1 - - [09/Apr/2013:13:49:48 +0000] "OPTIONS * HTTP/1.0" 200 126 "-" "Apache/2.2.22 (Ubuntu) (internal dummy connection)"
70.53.201.58 - - [09/Apr/2013:13:49:55 +0000] "GET /static/map_stats.json HTTP/1.1" 200 38168 "http://www.myworld2015.org/" "Mozilla/5.0 (Windows NT 6.1; WOW64) AppleWebKit/537.31 (KHTML, like Gecko) Chrome/26.0.1410.43 Safari/537.31"
70.53.201.58 - - [09/Apr/2013:13:49:56 +0000] "GET /static/segment_comparison.json HTTP/1.1" 200 5518 "http://www.myworld2015.org/" "Mozilla/5.0 (Windows NT 6.1; WOW64) AppleWebKit/537.31 (KHTML, like Gecko) Chrome/26.0.1410.43 Safari/537.31"
70.53.201.58 - - [09/Apr/2013:13:49:56 +0000] "GET /stats/public/segment?&country=24&gender=0&age_ub=140 HTTP/1.1" 200 742 "http://www.myworld2015.org/" "Mozilla/5.0 (Windows NT 6.1; WOW64) AppleWebKit/537.31 (KHTML, like Gecko) Chrome/26.0.1410.43 Safari/537.31"
70.53.201.58 - - [09/Apr/2013:13:49:56 +0000] "GET /stats/public/segment?country=31 HTTP/1.1" 200 732 "http://www.myworld2015.org/" "Mozilla/5.0 (Windows NT 6.1; WOW64) AppleWebKit/537.31 (KHTML, like Gecko) Chrome/26.0.1410.43 Safari/537.31"
70.53.201.58 - - [09/Apr/2013:13:49:57 +0000] "GET /stats/public/segment?&country=31&gender=2&age_ub=34 HTTP/1.1" 200 719 "http://www.myworld2015.org/" "Mozilla/5.0 (Windows NT 6.1; WOW64) AppleWebKit/537.31 (KHTML, like Gecko) Chrome/26.0.1410.43 Safari/537.31"
10.165.3.237 - - [09/Apr/2013:13:50:01 +0000] "GET /stats/ping HTTP/1.1" 200 236 "-" "Python-urllib/3.2"
10.165.3.237 - - [09/Apr/2013:13:50:01 +0000] "GET /stats/partners HTTP/1.1" 200 37751 "-" "Python-urllib/2.7"
127.0.0.1 - - [09/Apr/2013:13:49:44 +0000] "GET /stats/public/segment?age_lb=55 HTTP/1.1" 200 747 "-" "-"
127.0.0.1 - - [09/Apr/2013:13:49:19 +0000] "GET /stats/public/segment?gender=1 HTTP/1.1" 200 759 "-" "-"
75.13.93.157 - - [09/Apr/2013:13:49:23 +0000] "GET /stats/partner_rankings HTTP/1.1" 200 21900 "http://data.myworld2015.org/" "Mozilla/5.0 (compatible; MSIE 10.0; Windows NT 6.1; Trident/6.0; BO1IE8_v1;ENUS)"
127.0.0.1 - - [09/Apr/2013:13:49:19 +0000] "GET /stats/public/segment?gender=2 HTTP/1.1" 200 759 "-" "-"
127.0.0.1 - - [09/Apr/2013:13:50:12 +0000] "GET /stats/public/segment?hdi=3 HTTP/1.1" 200 750 "-" "-"
127.0.0.1 - - [09/Apr/2013:13:50:12 +0000] "GET /stats/public/segment?hdi=4 HTTP/1.1" 200 753 "-" "-"
127.0.0.1 - - [09/Apr/2013:13:50:13 +0000] "OPTIONS * HTTP/1.0" 200 126 "-" "Apache/2.2.22 (Ubuntu) (internal dummy connection)"
50.74.21.18 - - [09/Apr/2013:13:50:19 +0000] "GET /stats/public/segment/country=10 HTTP/1.1" 404 693 "-" "Mozilla/5.0 (Macintosh; Intel Mac OS X 10_6_8) AppleWebKit/537.31 (KHTML, like Gecko) Chrome/26.0.1410.43 Safari/537.31"
50.74.21.18 - - [09/Apr/2013:13:50:20 +0000] "GET /favicon.ico HTTP/1.1" 404 520 "-" "Mozilla/5.0 (Macintosh; Intel Mac OS X 10_6_8) AppleWebKit/537.31 (KHTML, like Gecko) Chrome/26.0.1410.43 Safari/537.31"
50.74.21.18 - - [09/Apr/2013:13:50:20 +0000] "GET /favicon.ico HTTP/1.1" 404 520 "-" "Mozilla/5.0 (Macintosh; Intel Mac OS X 10_6_8) AppleWebKit/537.31 (KHTML, like Gecko) Chrome/26.0.1410.43 Safari/537.31"
127.0.0.1 - - [09/Apr/2013:13:49:19 +0000] "GET /stats/public/segment?age_ub=34 HTTP/1.1" 200 762 "-" "-"
127.0.0.1 - - [09/Apr/2013:13:50:10 +0000] "GET /stats/public/segment?hdi=2 HTTP/1.1" 200 753 "-" "-"
70.53.201.58 - - [09/Apr/2013:13:49:56 +0000] "GET /stats/public/sampleSimilar?choices=3,7,8,9,11,13 HTTP/1.1" 200 3380 "http://www.myworld2015.org/" "Mozilla/5.0 (Windows NT 6.1; WOW64) AppleWebKit/537.31 (KHTML, like Gecko) Chrome/26.0.1410.43 Safari/537.31"
127.0.0.1 - - [09/Apr/2013:13:50:40 +0000] "OPTIONS * HTTP/1.0" 200 126 "-" "Apache/2.2.22 (Ubuntu) (internal dummy connection)"
127.0.0.1 - - [09/Apr/2013:13:49:19 +0000] "GET /stats/public/segment? HTTP/1.1" 200 766 "-" "-"
127.0.0.1 - - [09/Apr/2013:13:50:41 +0000] "OPTIONS * HTTP/1.0" 200 126 "-" "Apache/2.2.22 (Ubuntu) (internal dummy connection)"
38.88.4.230 - - [09/Apr/2013:13:50:41 +0000] "GET /static/map_stats.json HTTP/1.1" 200 38168 "http://www.myworld2015.org/" "Mozilla/5.0 (Windows NT 6.1; rv:19.0) Gecko/20100101 Firefox/19.0"
127.0.0.1 - - [09/Apr/2013:13:50:42 +0000] "OPTIONS * HTTP/1.0" 200 126 "-" "Apache/2.2.22 (Ubuntu) (internal dummy connection)"
38.88.4.230 - - [09/Apr/2013:13:50:42 +0000] "GET /static/segment_comparison.json HTTP/1.1" 200 5518 "http://www.myworld2015.org/" "Mozilla/5.0 (Windows NT 6.1; rv:19.0) Gecko/20100101 Firefox/19.0"
38.88.4.230 - - [09/Apr/2013:13:50:43 +0000] "GET /stats/public/segment?&country=96&gender=0&age_ub=140 HTTP/1.1" 200 726 "http://www.myworld2015.org/" "Mozilla/5.0 (Windows NT 6.1; rv:19.0) Gecko/20100101 Firefox/19.0"
177.38.81.13 - - [09/Apr/2013:13:50:44 +0000] "GET /stats/public/segment?&country=36&gender=0&age_ub=140 HTTP/1.1" 200 728 "http://www.myworld2015.org/?page=results" "Mozilla/5.0 (Windows NT 6.1) AppleWebKit/537.31 (KHTML, like Gecko) Chrome/26.0.1410.43 Safari/537.31"
50.74.21.18 - - [09/Apr/2013:13:50:47 +0000] "GET /stats/public/segment/hdi=3 HTTP/1.1" 404 689 "-" "Mozilla/5.0 (Macintosh; Intel Mac OS X 10_6_8) AppleWebKit/537.31 (KHTML, like Gecko) Chrome/26.0.1410.43 Safari/537.31"
50.74.21.18 - - [09/Apr/2013:13:50:47 +0000] "GET /favicon.ico HTTP/1.1" 404 520 "-" "Mozilla/5.0 (Macintosh; Intel Mac OS X 10_6_8) AppleWebKit/537.31 (KHTML, like Gecko) Chrome/26.0.1410.43 Safari/537.31"
50.74.21.18 - - [09/Apr/2013:13:50:47 +0000] "GET /favicon.ico HTTP/1.1" 404 520 "-" "Mozilla/5.0 (Macintosh; Intel Mac OS X 10_6_8) AppleWebKit/537.31 (KHTML, like Gecko) Chrome/26.0.1410.43 Safari/537.31"
193.242.192.9 - - [09/Apr/2013:13:50:54 +0000] "GET /static/map_stats.json HTTP/1.1" 304 216 "http://www.myworld2015.org/" "Mozilla/5.0 (Windows NT 6.1) AppleWebKit/537.31 (KHTML, like Gecko) Chrome/26.0.1410.43 Safari/537.31"
2.233.222.194 - - [09/Apr/2013:13:50:54 +0000] "GET /render/segments/?lang=en HTTP/1.1" 200 58100 "http://www.myworld2015.org/?page=results" "Mozilla/5.0 (iPhone; CPU iPhone OS 6_1_3 like Mac OS X) AppleWebKit/536.26 (KHTML, like Gecko) Version/6.0 Mobile/10B329 Safari/8536.25"
2.233.222.194 - - [09/Apr/2013:13:50:55 +0000] "GET /static/map_stats.json HTTP/1.1" 200 38168 "http://www.myworld2015.org/?page=results" "Mozilla/5.0 (iPhone; CPU iPhone OS 6_1_3 like Mac OS X) AppleWebKit/536.26 (KHTML, like Gecko) Version/6.0 Mobile/10B329 Safari/8536.25"
193.242.192.9 - - [09/Apr/2013:13:50:55 +0000] "GET /stats/public/segment?&country=61&gender=0&age_ub=140 HTTP/1.1" 200 731 "http://www.myworld2015.org/" "Mozilla/5.0 (Windows NT 6.1) AppleWebKit/537.31 (KHTML, like Gecko) Chrome/26.0.1410.43 Safari/537.31"
2.233.222.194 - - [09/Apr/2013:13:50:54 +0000] "GET /render/map/?lang=en HTTP/1.1" 200 114529 "http://www.myworld2015.org/?page=results" "Mozilla/5.0 (iPhone; CPU iPhone OS 6_1_3 like Mac OS X) AppleWebKit/536.26 (KHTML, like Gecko) Version/6.0 Mobile/10B329 Safari/8536.25"
2.233.222.194 - - [09/Apr/2013:13:50:56 +0000] "GET /static/segment_comparison.json HTTP/1.1" 200 5518 "http://www.myworld2015.org/?page=results" "Mozilla/5.0 (iPhone; CPU iPhone OS 6_1_3 like Mac OS X) AppleWebKit/536.26 (KHTML, like Gecko) Version/6.0 Mobile/10B329 Safari/8536.25"
2.233.222.194 - - [09/Apr/2013:13:50:56 +0000] "GET /stats/public/segment?&country=17&gender=0&age_ub=140 HTTP/1.1" 200 720 "http://www.myworld2015.org/?page=results" "Mozilla/5.0 (iPhone; CPU iPhone OS 6_1_3 like Mac OS X) AppleWebKit/536.26 (KHTML, like Gecko) Version/6.0 Mobile/10B329 Safari/8536.25"
127.0.0.1 - - [09/Apr/2013:13:50:03 +0000] "GET /stats/public/segment?hdi=1 HTTP/1.1" 200 760 "-" "-"
10.165.3.237 - - [09/Apr/2013:13:51:01 +0000] "GET /stats/ping HTTP/1.1" 200 236 "-" "Python-urllib/3.2"
127.0.0.1 - - [09/Apr/2013:13:51:03 +0000] "OPTIONS * HTTP/1.0" 200 126 "-" "Apache/2.2.22 (Ubuntu) (internal dummy connection)"
127.0.0.1 - - [09/Apr/2013:13:51:04 +0000] "OPTIONS * HTTP/1.0" 200 126 "-" "Apache/2.2.22 (Ubuntu) (internal dummy connection)"
80.222.255.75 - - [09/Apr/2013:13:51:04 +0000] "GET /static/map_stats.json HTTP/1.1" 200 38168 "http://www.myworld2015.org/" "Mozilla/5.0 (iPad; CPU OS 6_1_3 like Mac OS X) AppleWebKit/536.26 (KHTML, like Gecko) Version/6.0 Mobile/10B329 Safari/8536.25"
90.184.10.220 - - [09/Apr/2013:13:51:19 +0000] "GET /stats/public/segment?country=45 HTTP/1.1" 200 709 "http://www.myworld2015.org/" "Mozilla/5.0 (Windows NT 6.2; WOW64) AppleWebKit/537.31 (KHTML, like Gecko) Chrome/26.0.1410.43 Safari/537.31"
92.112.194.98 - - [09/Apr/2013:13:51:20 +0000] "GET /static/map_stats.json HTTP/1.1" 200 38168 "http://www.myworld2015.org/index.html?lang=ru" "Mozilla/5.0 (Windows NT 5.1; rv:19.0) Gecko/20100101 Firefox/19.0"
92.112.194.98 - - [09/Apr/2013:13:51:20 +0000] "GET /static/segment_comparison.json HTTP/1.1" 200 5518 "http://www.myworld2015.org/index.html?lang=ru" "Mozilla/5.0 (Windows NT 5.1; rv:19.0) Gecko/20100101 Firefox/19.0"
90.184.10.220 - - [09/Apr/2013:13:51:20 +0000] "GET /stats/public/segment?&country=45&gender=2&age_ub=34 HTTP/1.1" 200 704 "http://www.myworld2015.org/" "Mozilla/5.0 (Windows NT 6.2; WOW64) AppleWebKit/537.31 (KHTML, like Gecko) Chrome/26.0.1410.43 Safari/537.31"
92.112.194.98 - - [09/Apr/2013:13:51:21 +0000] "GET /stats/public/segment?&country=17&gender=0&age_ub=140 HTTP/1.1" 200 720 "http://www.myworld2015.org/index.html?lang=ru" "Mozilla/5.0 (Windows NT 5.1; rv:19.0) Gecko/20100101 Firefox/19.0"
177.38.81.13 - - [09/Apr/2013:13:51:29 +0000] "GET /stats/public/segment?&country=24&gender=0&age_ub=140 HTTP/1.1" 200 743 "http://www.myworld2015.org/?page=results" "Mozilla/5.0 (Windows NT 6.1) AppleWebKit/537.31 (KHTML, like Gecko) Chrome/26.0.1410.43 Safari/537.31"
90.184.10.220 - - [09/Apr/2013:13:51:19 +0000] "GET /stats/public/sampleSimilar?choices=2,4,7,12,13,15 HTTP/1.1" 200 3543 "http://www.myworld2015.org/" "Mozilla/5.0 (Windows NT 6.2; WOW64) AppleWebKit/537.31 (KHTML, like Gecko) Chrome/26.0.1410.43 Safari/537.31"
173.10.139.50 - - [09/Apr/2013:13:51:30 +0000] "GET /stats/public/segment?country=185 HTTP/1.1" 200 740 "http://www.myworld2015.org/" "Mozilla/5.0 (Windows NT 6.1; WOW64; rv:20.0) Gecko/20100101 Firefox/20.0"
